easy   ansi_width           baseline 0/3; reference 3/3; visible ok
easy   csv_chunks           baseline 1/3; reference 3/3; visible ok
easy   duration_units       baseline 0/3; reference 3/3; visible ok
easy   header_merge         baseline 0/3; reference 3/3; visible ok
easy   option_values        baseline 1/3; reference 3/3; visible ok
easy   path_rules           baseline 2/3; reference 3/3; visible ok
easy   stream_records       baseline 2/4; reference 4/4; visible ok
medium archive_paths        baseline 1/3; reference 3/3; visible ok
medium config_layers        baseline 0/4; reference 4/4; visible ok
medium http_ranges          baseline 0/3; reference 3/3; visible ok
medium log_rotation         baseline 0/3; reference 3/3; visible ok
medium pagination_cursor    baseline 0/3; reference 3/3; visible ok
medium retry_policy         baseline 0/4; reference 4/4; visible ok
medium sqlite_migration     baseline 0/3; reference 3/3; visible ok
hard   append_index         baseline 0/3; reference 3/3; visible ok
hard   atomic_config        baseline 2/3; reference 3/3; visible ok
hard   cache_stampede       baseline 2/3; reference 3/3; visible ok
hard   dag_scheduler        baseline 0/4; reference 4/4; visible ok
hard   incremental_sync     baseline 1/4; reference 4/4; visible ok
hard   lease_queue          baseline 2/4; reference 4/4; visible ok
hard   rate_window          baseline 0/4; reference 4/4; visible ok
hard   spool_recovery       baseline 1/4; reference 4/4; visible ok
hard   stream_framing       baseline 0/3; reference 3/3; visible ok
hard   transaction_outbox   baseline 1/3; reference 3/3; visible ok
hard   webhook_dedupe       baseline 2/3; reference 3/3; visible ok
